[    0.000000] Linux version 4.15.0-163-generic (buildd@lcy01-amd64-021) (gcc version 7.5.0 (Ubuntu 7.5.0-3ubuntu1~18.04)) #171-Ubuntu SMP Fri Nov 5 11:55:11 UTC 2021 (Ubuntu 4.15.0-163.171-generic 4.15.18)
[    0.000000] Command line: BOOT_IMAGE=/boot/vmlinuz-4.15.0-163-generic root=LABEL=cloudimg-rootfs ro console=tty1 console=ttyS0
[    0.000000] KERNEL supported cpus:
[    0.000000]   Intel GenuineIntel
[    0.000000]   AMD AuthenticAMD
[    0.000000]   Centaur CentaurHauls
[    0.000000] x86/fpu: x87 FPU will use FXSAVE
[    0.000000] e820: BIOS-provided physical RAM map:
[    0.000000] BIOS-e820: [mem 0x0000000000000000-0x000000000009fbff] usable
[    0.000000] BIOS-e820: [mem 0x000000000009fc00-0x000000000009ffff] reserved
[    0.000000] BIOS-e820: [mem 0x00000000000f0000-0x00000000000fffff] reserved
[    0.000000] BIOS-e820: [mem 0x0000000000100000-0x000000003ffeffff] usable
[    0.000000] BIOS-e820: [mem 0x000000003fff0000-0x000000003fffffff] ACPI data
[    0.000000] BIOS-e820: [mem 0x00000000fec00000-0x00000000fec00fff] reserved
[    0.000000] BIOS-e820: [mem 0x00000000fee00000-0x00000000fee00fff] reserved
[    0.000000] BIOS-e820: [mem 0x00000000fffc0000-0x00000000ffffffff] reserved
[    0.000000] NX (Execute Disable) protection: active
[    0.000000] SMBIOS 2.5 present.
[    0.000000] DMI: innotek GmbH VirtualBox/VirtualBox, BIOS VirtualBox 12/01/2006
[    0.000000] Hypervisor detected: KVM
[    0.000000] e820: last_pfn = 0x3fff0 max_arch_pfn = 0x400000000
[    0.000000] MTRR: Disabled
[    0.000000] x86/PAT: MTRRs disabled, skipping PAT initialization too.
[    0.000000] CPU MTRRs all blank - virtualized system.
[    0.000000] x86/PAT: Configuration [0-7]: WB  WT  UC- UC  WB  WT  UC- UC  
[    0.000000] found SMP MP-table at [mem 0x0009fff0-0x0009ffff]
[    0.000000] Scanning 1 areas for low memory corruption
[    0.000000] RAMDISK: [mem 0x359cd000-0x36cddfff]
[    0.000000] ACPI: Early table checksum verification disabled
[    0.000000] ACPI: RSDP 0x00000000000E0000 000024 (v02 VBOX  )
[    0.000000] ACPI: XSDT 0x000000003FFF0030 00003C (v01 VBOX   VBOXXSDT 00000001 ASL  00000061)
[    0.000000] ACPI: FACP 0x000000003FFF00F0 0000F4 (v04 VBOX   VBOXFACP 00000001 ASL  00000061)
[    0.000000] ACPI: DSDT 0x000000003FFF0470 002325 (v02 VBOX   VBOXBIOS 00000002 INTL 20100528)
[    0.000000] ACPI: FACS 0x000000003FFF0200 000040
[    0.000000] ACPI: FACS 0x000000003FFF0200 000040
[    0.000000] ACPI: APIC 0x000000003FFF0240 00005C (v02 VBOX   VBOXAPIC 00000001 ASL  00000061)
[    0.000000] ACPI: SSDT 0x000000003FFF02A0 0001CC (v01 VBOX   VBOXCPUT 00000002 INTL 20100528)
[    0.000000] ACPI: Reserving FACP table memory at [mem 0x3fff00f0-0x3fff01e3]
[    0.000000] ACPI: Reserving DSDT table memory at [mem 0x3fff0470-0x3fff2794]
[    0.000000] ACPI: Reserving FACS table memory at [mem 0x3fff0200-0x3fff023f]
[    0.000000] ACPI: Reserving FACS table memory at [mem 0x3fff0200-0x3fff023f]
[    0.000000] ACPI: Reserving APIC table memory at [mem 0x3fff0240-0x3fff029b]
[    0.000000] ACPI: Reserving SSDT table memory at [mem 0x3fff02a0-0x3fff046b]
[    0.000000] No NUMA configuration found
[    0.000000] Faking a node at [mem 0x0000000000000000-0x000000003ffeffff]
[    0.000000] NODE_DATA(0) allocated [mem 0x3ffc5000-0x3ffeffff]
[    0.000000] kvm-clock: cpu 0, msr 0:3ff44001, primary cpu clock
[    0.000000] kvm-clock: Using msrs 4b564d01 and 4b564d00
[    0.000000] kvm-clock: using sched offset of 8400284212 cycles
[    0.000000] clocksource: kvm-clock: mask: 0xffffffffffffffff max_cycles: 0x1cd42e4dffb, max_idle_ns: 881590591483 ns
[    0.000000] Zone ranges:
[    0.000000]   DMA      [mem 0x0000000000001000-0x0000000000ffffff]
[    0.000000]   DMA32    [mem 0x0000000001000000-0x000000003ffeffff]
[    0.000000]   Normal   empty
[    0.000000]   Device   empty
[    0.000000] Movable zone start for each node
[    0.000000] Early memory node ranges
[    0.000000]   node   0: [mem 0x0000000000001000-0x000000000009efff]
[    0.000000]   node   0: [mem 0x0000000000100000-0x000000003ffeffff]
[    0.000000] Reserved but unavailable: 104 pages
[    0.000000] Initmem setup node 0 [mem 0x0000000000001000-0x000000003ffeffff]
[    0.000000] ACPI: PM-Timer IO Port: 0x4008
[    0.000000] IOAPIC[0]: apic_id 2, version 32, address 0xfec00000, GSI 0-23
[    0.000000] ACPI: INT_SRC_OVR (bus 0 bus_irq 0 global_irq 2 dfl dfl)
[    0.000000] ACPI: INT_SRC_OVR (bus 0 bus_irq 9 global_irq 9 low level)
[    0.000000] Using ACPI (MADT) for SMP configuration information
[    0.000000] smpboot: Allowing 2 CPUs, 0 hotplug CPUs
[    0.000000] PM: Registered nosave memory: [mem 0x00000000-0x00000fff]
[    0.000000] PM: Registered nosave memory: [mem 0x0009f000-0x0009ffff]
[    0.000000] PM: Registered nosave memory: [mem 0x000a0000-0x000effff]
[    0.000000] PM: Registered nosave memory: [mem 0x000f0000-0x000fffff]
[    0.000000] e820: [mem 0x40000000-0xfebfffff] available for PCI devices
[    0.000000] Booting paravirtualized kernel on KVM
[    0.000000] clocksource: refined-jiffies: mask: 0xffffffff max_cycles: 0xffffffff, max_idle_ns: 7645519600211568 ns
[    0.000000] random: get_random_bytes called from start_kernel+0x99/0x500 with crng_init=0
[    0.000000] setup_percpu: NR_CPUS:8192 nr_cpumask_bits:2 nr_cpu_ids:2 nr_node_ids:1
[    0.000000] percpu: Embedded 45 pages/cpu s147456 r8192 d28672 u1048576
[    0.000000] PV qspinlock hash table entries: 256 (order: 0, 4096 bytes)
[    0.000000] Built 1 zonelists, mobility grouping on.  Total pages: 257913
[    0.000000] Policy zone: DMA32
[    0.000000] Kernel command line: BOOT_IMAGE=/boot/vmlinuz-4.15.0-163-generic root=LABEL=cloudimg-rootfs ro console=tty1 console=ttyS0
[    0.000000] Memory: 982712K/1048120K available (12300K kernel code, 2483K rwdata, 4320K rodata, 2448K init, 2724K bss, 65408K reserved, 0K cma-reserved)
[    0.000000] SLUB: HWalign=64, Order=0-3, MinObjects=0, CPUs=2, Nodes=1
[    0.000000] Kernel/User page tables isolation: enabled
[    0.000000] ftrace: allocating 39476 entries in 155 pages
[    0.004000] Hierarchical RCU implementation.
[    0.004000] 	RCU restricting CPUs from NR_CPUS=8192 to nr_cpu_ids=2.
[    0.004000] 	Tasks RCU enabled.
[    0.004000] RCU: Adjusting geometry for rcu_fanout_leaf=16, nr_cpu_ids=2
[    0.004000] NR_IRQS: 524544, nr_irqs: 440, preallocated irqs: 16
[    0.004000] Console: colour VGA+ 80x25
[    0.004000] console [tty1] enabled
[    0.004000] console [ttyS0] enabled
[    0.004000] ACPI: Core revision 20170831
[    0.004000] ACPI: 2 ACPI AML tables successfully acquired and loaded
[    0.004000] APIC: Switch to symmetric I/O mode setup
[    0.004000] ..TIMER: vector=0x30 apic1=0 pin1=2 apic2=-1 pin2=-1
[    0.004008] tsc: Detected 2399.998 MHz processor
[    0.008020] Calibrating delay loop (skipped) preset value.. 4799.99 BogoMIPS (lpj=9599992)
[    0.012009] pid_max: default: 32768 minimum: 301
[    0.020035] Security Framework initialized
[    0.024013] Yama: becoming mindful.
[    0.028227] AppArmor: AppArmor initialized
[    0.050240] Dentry cache hash table entries: 131072 (order: 8, 1048576 bytes)
[    0.058405] Inode-cache hash table entries: 65536 (order: 7, 524288 bytes)
[    0.060198] Mount-cache hash table entries: 2048 (order: 2, 16384 bytes)
[    0.068092] Mountpoint-cache hash table entries: 2048 (order: 2, 16384 bytes)
[    0.078816] Last level iTLB entries: 4KB 64, 2MB 8, 4MB 8
[    0.080008] Last level dTLB entries: 4KB 64, 2MB 0, 4MB 0, 1GB 4
[    0.084012] Spectre V1 : Mitigation: usercopy/swapgs barriers and __user pointer sanitization
[    0.088008] Spectre V2 : Mitigation: Full generic retpoline
[    0.092006] Spectre V2 : Spectre v2 / SpectreRSB mitigation: Filling RSB on context switch
[    0.096009] Speculative Store Bypass: Vulnerable
[    0.100062] MDS: Mitigation: Clear CPU buffers
[    0.104333] Freeing SMP alternatives memory: 36K
[    0.227248] smpboot: CPU0: Intel(R) Core(TM) i5-6200U CPU @ 2.30GHz (family: 0x6, model: 0x4e, stepping: 0x3)
[    0.232245] Performance Events: unsupported p6 CPU model 78 no PMU driver, software events only.
[    0.236365] Hierarchical SRCU implementation.
[    0.244083] NMI watchdog: Perf event create on CPU 0 failed with -2
[    0.248006] NMI watchdog: Perf NMI watchdog permanently disabled
[    0.256592] smp: Bringing up secondary CPUs ...
[    0.262389] x86: Booting SMP configuration:
[    0.264007] .... node  #0, CPUs:      #1
[    0.004000] kvm-clock: cpu 1, msr 0:3ff44041, secondary cpu clock
[    0.292000] TSC synchronization [CPU#0 -> CPU#1]:
[    0.292000] Measured 95406 cycles TSC warp between CPUs, turning off TSC clock.
[    0.292000] tsc: Marking TSC unstable due to check_tsc_sync_source failed
[    0.300771] smp: Brought up 1 node, 2 CPUs
[    0.304011] smpboot: Max logical packages: 1
[    0.308009] smpboot: Total of 2 processors activated (9599.99 BogoMIPS)
[    0.328013] devtmpfs: initialized
[    0.332222] x86/mm: Memory block size: 128MB
[    0.340616] evm: security.selinux
[    0.344006] evm: security.SMACK64
[    0.348006] evm: security.SMACK64EXEC
[    0.352006] evm: security.SMACK64TRANSMUTE
[    0.356007] evm: security.SMACK64MMAP
[    0.360006] evm: security.apparmor
[    0.364006] evm: security.ima
[    0.368009] evm: security.capability
[    0.380031] clocksource: jiffies: mask: 0xffffffff max_cycles: 0xffffffff, max_idle_ns: 7645041785100000 ns
[    0.384023] futex hash table entries: 512 (order: 3, 32768 bytes)
[    0.392068] pinctrl core: initialized pinctrl subsystem
[    0.397636] RTC time: 11:41:24, date: 01/03/22
[    0.403092] NET: Registered protocol family 16
[    0.404223] audit: initializing netlink subsys (disabled)
[    0.408386] audit: type=2000 audit(1641210092.824:1): state=initialized audit_enabled=0 res=1
[    0.428019] cpuidle: using governor ladder
[    0.432023] cpuidle: using governor menu
[    0.436072] ACPI: bus type PCI registered
[    0.440011] acpiphp: ACPI Hot Plug PCI Controller Driver version: 0.5
[    0.448082] PCI: Using configuration type 1 for base access
[    0.464031] HugeTLB registered 2.00 MiB page size, pre-allocated 0 pages
[    0.476941] ACPI: Added _OSI(Module Device)
[    0.480008] ACPI: Added _OSI(Processor Device)
[    0.484007] ACPI: Added _OSI(3.0 _SCP Extensions)
[    0.488008] ACPI: Added _OSI(Processor Aggregator Device)
[    0.492015] ACPI: Added _OSI(Linux-Dell-Video)
[    0.496009] ACPI: Added _OSI(Linux-Lenovo-NV-HDMI-Audio)
[    0.500008] ACPI: Added _OSI(Linux-HPI-Hybrid-Graphics)
[    0.508488] ACPI: Executed 1 blocks of module-level executable AML code
[    0.529019] ACPI: Interpreter enabled
[    0.532037] ACPI: (supports S0 S5)
[    0.536007] ACPI: Using IOAPIC for interrupt routing
[    0.541188] PCI: Using host bridge windows from ACPI; if necessary, use "pci=nocrs" and report a bug
[    0.544925] ACPI: Enabled 2 GPEs in block 00 to 07
[    0.579565] ACPI: PCI Root Bridge [PCI0] (domain 0000 [bus 00-ff])
[    0.580018] acpi PNP0A03:00: _OSC: OS supports [ASPM ClockPM Segments MSI]
[    0.589381] acpi PNP0A03:00: _OSC: not requesting OS control; OS requires [ExtendedConfig ASPM ClockPM MSI]
[    0.592031] acpi PNP0A03:00: fail to add MMCONFIG information, can't access extended PCI configuration space under this bridge.
[    0.601428] PCI host bridge to bus 0000:00
[    0.604014] pci_bus 0000:00: root bus resource [io  0x0000-0x0cf7 window]
[    0.608010] pci_bus 0000:00: root bus resource [io  0x0d00-0xffff window]
[    0.612009] pci_bus 0000:00: root bus resource [mem 0x000a0000-0x000bffff window]
[    0.616010] pci_bus 0000:00: root bus resource [mem 0x40000000-0xfdffffff window]
[    0.620013] pci_bus 0000:00: root bus resource [bus 00-ff]
[    0.644638] pci 0000:00:01.1: legacy IDE quirk: reg 0x10: [io  0x01f0-0x01f7]
[    0.648012] pci 0000:00:01.1: legacy IDE quirk: reg 0x14: [io  0x03f6]
[    0.652011] pci 0000:00:01.1: legacy IDE quirk: reg 0x18: [io  0x0170-0x0177]
[    0.656009] pci 0000:00:01.1: legacy IDE quirk: reg 0x1c: [io  0x0376]
[    0.753980] pci 0000:00:07.0: quirk: [io  0x4000-0x403f] claimed by PIIX4 ACPI
[    0.756155] pci 0000:00:07.0: quirk: [io  0x4100-0x410f] claimed by PIIX4 SMB
[    0.789166] ACPI: PCI Interrupt Link [LNKA] (IRQs 5 9 10 *11)
[    0.797211] ACPI: PCI Interrupt Link [LNKB] (IRQs 5 9 *10 11)
[    0.800899] ACPI: PCI Interrupt Link [LNKC] (IRQs 5 *9 10 11)
[    0.804763] ACPI: PCI Interrupt Link [LNKD] (IRQs 5 9 10 *11)
[    0.813677] SCSI subsystem initialized
[    0.824739] pci 0000:00:02.0: vgaarb: setting as boot VGA device
[    0.828000] pci 0000:00:02.0: vgaarb: VGA device added: decodes=io+mem,owns=io+mem,locks=none
[    0.828011] pci 0000:00:02.0: vgaarb: bridge control possible
[    0.832007] vgaarb: loaded
[    0.836122] ACPI: bus type USB registered
[    0.840109] usbcore: registered new interface driver usbfs
[    0.844039] usbcore: registered new interface driver hub
[    0.848038] usbcore: registered new device driver usb
[    0.856594] EDAC MC: Ver: 3.0.0
[    0.869080] PCI: Using ACPI for IRQ routing
[    0.876600] NetLabel: Initializing
[    0.880019] NetLabel:  domain hash size = 128
[    0.884005] NetLabel:  protocols = UNLABELED CIPSOv4 CALIPSO
[    0.888131] NetLabel:  unlabeled traffic allowed by default
[    0.897050] clocksource: Switched to clocksource kvm-clock
[    1.005151] VFS: Disk quotas dquot_6.6.0
[    1.005151] VFS: Dquot-cache hash table entries: 512 (order 0, 4096 bytes)
[    1.005151] AppArmor: AppArmor Filesystem Enabled
[    1.005151] pnp: PnP ACPI init
[    1.005151] pnp: PnP ACPI: found 3 devices
[    1.201614] clocksource: acpi_pm: mask: 0xffffff max_cycles: 0xffffff, max_idle_ns: 2085701024 ns
[    1.204493] NET: Registered protocol family 2
[    1.204493] IP idents hash table entries: 16384 (order: 5, 131072 bytes)
[    1.256537] TCP established hash table entries: 8192 (order: 4, 65536 bytes)
[    1.273110] TCP bind hash table entries: 8192 (order: 5, 131072 bytes)
[    1.288988] TCP: Hash tables configured (established 8192 bind 8192)
[    1.305488] UDP hash table entries: 512 (order: 2, 16384 bytes)
[    1.319799] UDP-Lite hash table entries: 512 (order: 2, 16384 bytes)
[    1.335323] NET: Registered protocol family 1
[    1.347013] pci 0000:00:00.0: Limiting direct PCI/PCI transfers
[    1.361685] pci 0000:00:01.0: Activating ISA DMA hang workarounds
[    1.378076] pci 0000:00:02.0: Video device with shadowed ROM at [mem 0x000c0000-0x000dffff]
[    1.395691] Unpacking initramfs...
[    2.916245] Freeing initrd memory: 19524K
[    2.928294] clocksource: tsc: mask: 0xffffffffffffffff max_cycles: 0x229835b7123, max_idle_ns: 440795242976 ns
[    2.949901] platform rtc_cmos: registered platform RTC device (no PNP device found)
[    2.965897] Scanning for low memory corruption every 60 seconds
[    2.985325] Initialise system trusted keyrings
[    2.998076] Key type blacklist registered
[    3.009612] workingset: timestamp_bits=36 max_order=18 bucket_order=0
[    3.031411] zbud: loaded
[    3.042430] squashfs: version 4.0 (2009/01/31) Phillip Lougher
[    3.061920] fuse init (API version 7.26)
[    3.131277] Key type asymmetric registered
[    3.140652] Asymmetric key parser 'x509' registered
[    3.149443] Block layer SCSI generic (bsg) driver version 0.4 loaded (major 246)
[    3.165119] io scheduler noop registered
[    3.173195] io scheduler deadline registered
[    3.182296] io scheduler cfq registered (default)
[    3.193312] ACPI: AC Adapter [AC] (off-line)
[    3.202485] input: Power Button as /devices/LNXSYSTM:00/LNXPWRBN:00/input/input0
[    3.218453] ACPI: Power Button [PWRF]
[    3.227622] input: Sleep Button as /devices/LNXSYSTM:00/LNXSLPBN:00/input/input1
[    3.243821] ACPI: Sleep Button [SLPF]
[    3.255405] Serial: 8250/16550 driver, 32 ports, IRQ sharing enabled
[    3.261219] ACPI: Battery Slot [BAT0] (battery present)
[    3.342464] 00:02: ttyS0 at I/O 0x3f8 (irq = 4, base_baud = 115200) is a 16550A
[    3.363301] Linux agpgart interface v0.103
[    3.380935] loop: module loaded
[    3.397676] scsi host0: ata_piix
[    3.408835] scsi host1: ata_piix
[    3.418643] ata1: PATA max UDMA/33 cmd 0x1f0 ctl 0x3f6 bmdma 0xd000 irq 14
[    3.434391] ata2: PATA max UDMA/33 cmd 0x170 ctl 0x376 bmdma 0xd008 irq 15
[    3.450311] libphy: Fixed MDIO Bus: probed
[    3.461267] tun: Universal TUN/TAP device driver, 1.6
[    3.473283] PPP generic driver version 2.4.2
[    3.483196] ehci_hcd: USB 2.0 'Enhanced' Host Controller (EHCI) Driver
[    3.498161] ehci-pci: EHCI PCI platform driver
[    3.510190] ehci-platform: EHCI generic platform driver
[    3.522021] ohci_hcd: USB 1.1 'Open' Host Controller (OHCI) Driver
[    3.536599] ohci-pci: OHCI PCI platform driver
[    3.547517] ohci-platform: OHCI generic platform driver
[    3.559115] uhci_hcd: USB Universal Host Controller Interface driver
[    3.574845] i8042: PNP: PS/2 Controller [PNP0303:PS2K,PNP0f03:PS2M] at 0x60,0x64 irq 1,12
[    3.602947] serio: i8042 KBD port at 0x60,0x64 irq 1
[    3.615396] serio: i8042 AUX port at 0x60,0x64 irq 12
[    3.632449] mousedev: PS/2 mouse device common for all mice
[    3.651811] input: AT Translated Set 2 keyboard as /devices/platform/i8042/serio0/input/input2
[    3.678904] rtc_cmos rtc_cmos: rtc core: registered rtc_cmos as rtc0
[    3.700571] rtc_cmos rtc_cmos: alarms up to one day, 114 bytes nvram
[    3.718576] i2c /dev entries driver
[    3.728777] device-mapper: uevent: version 1.0.3
[    3.742821] device-mapper: ioctl: 4.37.0-ioctl (2017-09-20) initialised: dm-devel@redhat.com
[    3.762788] ledtrig-cpu: registered to indicate activity on CPUs
[    3.784133] NET: Registered protocol family 10
[    3.823101] Segment Routing with IPv6
[    3.834255] NET: Registered protocol family 17
[    3.847210] Key type dns_resolver registered
[    3.857113] mce: Using 0 MCE banks
[    3.866040] RAS: Correctable Errors collector initialized.
[    3.879159] sched_clock: Marking stable (3878995964, 0)->(6775146453, -2896150489)
[    3.907512] registered taskstats version 1
[    3.920652] Loading compiled-in X.509 certificates
[    3.946763] Loaded X.509 cert 'Build time autogenerated kernel key: f60a4c8d126e94dbf36c5faa43fb49029eeea9a9'
[    3.970377] Loaded X.509 cert 'Canonical Ltd. Live Patch Signing: 14df34d1a87cf37625abec039ef2bf521249b969'
[    3.994040] Loaded X.509 cert 'Canonical Ltd. Kernel Module Signing: 88f752e560a1e0737e31163a466ad7b70a850c19'
[    4.019211] zswap: loaded using pool lzo/zbud
[    4.063569] Key type big_key registered
[    4.074094] Key type trusted registered
[    4.095704] Key type encrypted registered
[    4.105776] AppArmor: AppArmor sha1 policy hashing enabled
[    4.119043] ima: No TPM chip found, activating TPM-bypass! (rc=-19)
[    4.133460] ima: Allocated hash algorithm: sha1
[    4.145642] evm: HMAC attrs: 0x1
[    4.155290]   Magic number: 6:491:680
[    4.166029] rtc_cmos rtc_cmos: setting system clock to 2022-01-03 11:41:29 UTC (1641210089)
[    4.187152] BIOS EDD facility v0.16 2004-Jun-25, 0 devices found
[    4.201839] EDD information not available.
[    4.222115] Freeing unused kernel image memory: 2448K
[    4.252424] Write protecting the kernel read-only data: 20480k
[    4.271792] Freeing unused kernel image memory: 2008K
[    4.287286] Freeing unused kernel image memory: 1824K
[    4.319794] x86/mm: Checked W+X mappings: passed, no W+X pages found.
[    4.332219] x86/mm: Checking user space page tables
[    4.351950] x86/mm: Checked W+X mappings: passed, no W+X pages found.
Loading, please wait...
starting version 237
[    4.633134] e1000: Intel(R) PRO/1000 Network Driver - version 7.3.21-k8-NAPI
[    4.653110] e1000: Copyright (c) 1999-2006 Intel Corporation.
[    4.679760] Fusion MPT base driver 3.04.20
[    4.693559] Copyright (c) 1999-2008 LSI Corporation
[    4.804236] Fusion MPT SPI Host driver 3.04.20
[    5.143151] input: ImExPS/2 Generic Explorer Mouse as /devices/platform/i8042/serio1/input/input4
[    6.499888] e1000 0000:00:03.0 eth0: (PCI:33MHz:32-bit) 02:77:80:ca:b7:e6
[    6.514048] e1000 0000:00:03.0 eth0: Intel(R) PRO/1000 Network Connection
[    6.560974] e1000 0000:00:03.0 enp0s3: renamed from eth0
[    6.578769] mptbase: ioc0: Initiating bringup
[    6.701511] ioc0: LSI53C1030 A0: Capabilities={Initiator}
[    7.010026] scsi host2: ioc0: LSI53C1030 A0, FwRev=00000000h, Ports=1, MaxQ=256, IRQ=20
[    7.200901] scsi 2:0:0:0: Direct-Access     VBOX     HARDDISK         1.0  PQ: 0 ANSI: 5
[    7.256312] scsi target2:0:0: Beginning Domain Validation
[    7.296664] scsi target2:0:0: Domain Validation skipping write tests
[    7.313227] scsi target2:0:0: Ending Domain Validation
[    7.330256] scsi target2:0:0: asynchronous
[    7.344366] random: fast init done
[    7.359886] scsi 2:0:1:0: Direct-Access     VBOX     HARDDISK         1.0  PQ: 0 ANSI: 5
[    7.413326] scsi target2:0:1: Beginning Domain Validation
[    7.449020] scsi target2:0:1: Domain Validation skipping write tests
[    7.466123] scsi target2:0:1: Ending Domain Validation
[    7.480482] scsi target2:0:1: asynchronous
[    7.528583] random: systemd-udevd: uninitialized urandom read (16 bytes read)
[    7.529126] sd 2:0:0:0: Attached scsi generic sg0 type 0
[    7.552042] sd 2:0:0:0: [sda] 83886080 512-byte logical blocks: (42.9 GB/40.0 GiB)
[    7.563519] sd 2:0:1:0: Attached scsi generic sg1 type 0
[    7.586808] sd 2:0:1:0: [sdb] 20480 512-byte logical blocks: (10.5 MB/10.0 MiB)
[    7.596065] random: systemd-udevd: uninitialized urandom read (16 bytes read)
[    7.596075] random: systemd-udevd: uninitialized urandom read (16 bytes read)
[    7.647116] sd 2:0:0:0: [sda] Write Protect is off
[    7.647660] sd 2:0:1:0: [sdb] Write Protect is off
[    7.673469] sd 2:0:1:0: [sdb] Incomplete mode parameter data
[    7.673643] sd 2:0:0:0: [sda] Incomplete mode parameter data
[    7.685004] sd 2:0:1:0: [sdb] Assuming drive cache: write through
[    7.700469] sd 2:0:0:0: [sda] Assuming drive cache: write through
[    7.746859]  sda: sda1
[    7.753441] sd 2:0:1:0: [sdb] Attached SCSI disk
[    7.776365] sd 2:0:0:0: [sda] Attached SCSI disk
Begin: Loading essential drivers ... [   12.818486] raid6: sse2x1   gen() 111592 MB/s
[   14.823609] raid6: sse2x1   xor() 84389 MB/s
[   15.828856] raid6: sse2x2   gen() 138931 MB/s
[   16.869090] raid6: sse2x2   xor()  3897 MB/s
[   16.933481] raid6: sse2x4   gen()  6400 MB/s
[   16.997551] raid6: sse2x4   xor()  3815 MB/s
[   17.008171] raid6: using algorithm sse2x2 gen() 138931 MB/s
[   17.019070] raid6: .... xor() 3897 MB/s, rmw enabled
[   17.030076] raid6: using ssse3x2 recovery algorithm
[   17.050942] xor: measuring software checksum speed
[   17.168570]    prefetch64-sse: 20293.000 MB/sec
[   17.274324]    generic_sse: 26358.000 MB/sec
[   17.282927] xor: using function: generic_sse (26358.000 MB/sec)
[   17.298648] async_tx: api initialized (async)
done.
Begin: Running /scripts/init-premount ... done.
Begin: Mounting root file system ... Begin: Running /scripts/local-top ... done.
Begin: Running /scripts/local-premount ... [   17.498422] Btrfs loaded, crc32c=crc32c-intel
Scanning for Btrfs filesystems
done.
Warning: fsck not present, so skipping root file system
[   17.665222] EXT4-fs (sda1): mounted filesystem with ordered data mode. Opts: (null)
done.
Begin: Running /scripts/local-bottom ... done.
Begin: Running /scripts/init-bottom ... done.
[   18.237975] ip_tables: (C) 2000-2006 Netfilter Core Team
[   18.286574] systemd[1]: systemd 237 running in system mode. (+PAM +AUDIT +SELINUX +IMA +APPARMOR +SMACK +SYSVINIT +UTMP +LIBCRYPTSETUP +GCRYPT +GNUTLS +ACL +XZ +LZ4 +SECCOMP +BLKID +ELFUTILS +KMOD -IDN2 +IDN -PCRE2 default-hierarchy=hybrid)
[   18.327434] systemd[1]: Detected virtualization oracle.
[   18.341790] systemd[1]: Detected architecture x86-64.

Welcome to [1mUbuntu 18.04.6 LTS[0m!

[   18.441065] systemd[1]: Set hostname to <ubuntu-bionic>.
[   19.370096] systemd[1]: Started Forward Password Requests to Wall Directory Watch.
[[0;32m  OK  [0m] Started Forward Password Requests to Wall Directory Watch.
[   19.401393] systemd[1]: Set up automount Arbitrary Executable File Formats File System Automount Point.
[[0;32m  OK  [0m] Set up automount Arbitrary Executabâ€¦rmats File System Automount Point.
[   19.477484] systemd[1]: Created slice User and Session Slice.
[[0;32m  OK  [0m] Created slice User and Session Slice.
[   19.501353] systemd[1]: Reached target User and Group Name Lookups.
[[0;32m  OK  [0m] Reached target User and Group Name Lookups.
[   19.535005] systemd[1]: Reached target System Time Synchronized.
[[0;32m  OK  [0m] Reached target System Time Synchronized.
[   19.565565] systemd[1]: Created slice System Slice.
[[0;32m  OK  [0m] Created slice System Slice.
[[0;32m  OK  [0m] Listening on fsck to fsckd communication Socket.
[[0;32m  OK  [0m] Listening on LVM2 metadata daemon socket.
[[0;32m  OK  [0m] Listening on udev Kernel Socket.
[[0;32m  OK  [0m] Listening on udev Control Socket.
[[0;32m  OK  [0m] Listening on Journal Audit Socket.
[[0;32m  OK  [0m] Reached target Slices.
[[0;32m  OK  [0m] Listening on Journal Socket (/dev/log).
[[0;32m  OK  [0m] Listening on LVM2 poll daemon socket.
[[0;32m  OK  [0m] Listening on Network Service Netlink Socket.
[[0;32m  OK  [0m] Listening on Device-mapper event daemon FIFOs.
[[0;32m  OK  [0m] Listening on Journal Socket.
         Starting Uncomplicated firewall...
         Mounting Huge Pages File System...
         Starting Monitoring of LVM2 mirrorsâ€¦ng dmeventd or progress polling...
         Starting Create list of required stâ€¦ce nodes for the current kernel...
         Starting udev Coldplug all Devices...
         Mounting POSIX Message Queue File System...
         Starting Set the console keyboard layout...
[[0;32m  OK  [0m] Listening on /dev/initctl Compatibility Named Pipe.
         Starting File System Check on Root Device...
         Mounting Kernel Debug File System...
[[0;32m  OK  [0m] Listening on Syslog Socket.
[[0;32m  OK  [0m] Created slice system-serial\x2dgetty.slice.
         Starting Load Kernel Modules...
         Starting Journal Service...
[[0;32m  OK  [0m] Reached target Swap.
[[0;32m  OK  [0m] Started Uncomplicated firewall.
[[0;32m  OK  [0m] Mounted Huge Pages File System.
[[   20.065595] Loading iSCSI transport class v2.0-870.
[0;32m  OK  [0m] Started Create list of required staâ€¦vice nodes for the current kernel.
[[0;32m  OK  [0m] Mounted POSIX Message Queue File System.
[[0;32m  OK  [0m] Started File System Check on Root Device.
[[0;32m  OK  [0m] Mounted Kernel Debug File System.
[[0;32m  OK  [0m] [   20.191231] iscsi: registered transport (tcp)
Started File System Check Daemon to report status.
[[0;32m  OK  [0m] Started LVM2 metadata daemon.
         Starting Remount Root and Kernel File Systems...
[   20.255262] random: crng init done
[   20.263112] random: 7 urandom warning(s) missed due to ratelimiting
         Starting Create Static Device Nodes in /dev...
[[0;32m  OK  [0m] Started Monitoring of LVM2 mirrors,â€¦sing dmeventd or progress polling.[   20.410449] EXT4-fs (sda1): re-mounted. Opts: (null)

[[0;32m  OK  [0m] Started Journal Service.
[[0;32m  OK  [0m] Started Remount Root and Kernel File Systems.
[[0;32m  OK  [0m] Started Create Static Device Nodes in /dev.
         Starting udev Kernel Device Manager...
         Starting Load/Save Random Seed...
         Starting Flush Journal to Persistent Storage...
[[0;32m  OK  [0m] Started udev Coldplug all Devices.
[   20.627422] systemd-journald[393]: Received request to flush runtime journal from PID 1
[[0;32m  OK  [0m] Started Load/Save Random Seed.
[[0;32m  OK  [0m] Started udev Kernel Device Manager.
[[0;32m  OK  [0m] Started Set the console keyboard layout.
[   20.815392] iscsi: registered transport (iser)
[[0;32m  OK  [0m] Started Dispatch Password Requests to Console Directory Watch.
[[0;32m  OK  [0m] Reached target Local Encrypted Volumes.
[[0;32m  OK  [0m] Reached target Local File Systems (Pre).
[[0;32m  OK  [0m] Reached target Local File Systems.
         Starting Set console font and keymap...
         Starting AppArmor initialization...
         Starting ebtables ruleset management...
         Starting Tell Plymouth To Write Out Runtime Data...
[[0;32m  OK  [0m] Started Load Kernel Modules.
[[0;32m  OK  [0m] Started Flush Journal to Persistent Storage.
[[0;32m  OK  [0m] Started Set console font and keymap.
[[0;32m  OK  [0m] Started Tell Plymouth To Write Out Runtime Data.
         Starting Create Volatile Files and Directories...
         Mounting FUSE Control File System...
         Starting Apply Kernel Variables...
         Mounting Kernel Configuration File System...
[[0;32m  OK  [0m] Mounted Kernel Configuration File System.
[[0;32m  OK  [0m] Mounted FUSE Control File System.
[[0;32m  OK  [0m] Started Apply Kernel Variables.
[[0;32m  OK  [0m] Started Create Volatile Files and Directories.
         Starting Update UTMP about System Boot/Shutdown...
[[0;32m  OK  [0m] Started ebtables ruleset management.
[[0;32m  OK  [0m] Started Update UTMP about System Boot/Shutdown.
[[0;32m  OK  [0m] Started AppArmor initialization.
         Starting Initial cloud-init job (pre-networking)...
         Starting Load AppArmor profiles managed internally by snapd...
[[0;32m  OK  [0m] Started Load AppArmor profiles managed internally by snapd.
[[0;32m  OK  [0m] Found device /dev/ttyS0.
[[0;32m  OK  [0m] Listening on Load/Save RF Kill Switch Status /dev/rfkill Watch.
[   26.968847] cloud-init[500]: Cloud-init v. 21.4-0ubuntu1~18.04.1 running 'init-local' at Mon, 03 Jan 2022 11:41:51 +0000. Up 26.48 seconds.
[[0;32m  OK  [0m] Started Initial cloud-init job (pre-networking).
[[0;32m  OK  [0m] Reached target Network (Pre).
         Starting Network Service...
[[0;32m  OK  [0m] Started Network Service.
         Starting Wait for Network to be Configured...
         Starting Network Name Resolution...
[[0;32m  OK  [0m] Started Network Name Resolution.
[[0;32m  OK  [0m] Reached target Network.
[[0;32m  OK  [0m] Reached target Host and Network Name Lookups.
[[0;32m  OK  [0m] Started Wait for Network to be Configured.
         Starting Initial cloud-init job (metadata service crawler)...
[   30.426402] cloud-init[640]: Cloud-init v. 21.4-0ubuntu1~18.04.1 running 'init' at Mon, 03 Jan 2022 11:41:55 +0000. Up 30.02 seconds.
[   30.437432] cloud-init[640]: ci-info: ++++++++++++++++++++++++++++++++++++++Net device info++++++++++++++++++++++++++++++++++++++
[   30.446146] cloud-init[640]: ci-info: +--------+------+----------------------------+---------------+--------+-------------------+
[   30.454348] cloud-init[640]: ci-info: | Device |  Up  |          Address           |      Mask     | Scope  |     Hw-Address    |
[   30.462692] cloud-init[640]: ci-info: +--------+------+----------------------------+---------------+--------+-------------------+
[   30.470822] cloud-init[640]: ci-info: | enp0s3 | True |         10.0.2.15          | 255.255.255.0 | global | 02:77:80:ca:b7:e6 |
[   30.478597] cloud-init[640]: ci-info: | enp0s3 | True | fe80::77:80ff:feca:b7e6/64 |       .       |  link  | 02:77:80:ca:b7:e6 |
[   30.486468] cloud-init[640]: ci-info: |   lo   | True |         127.0.0.1          |   255.0.0.0   |  host  |         .         |
[   30.494591] cloud-init[640]: ci-info: |   lo   | True |          ::1/128           |       .       |  host  |         .         |
[   30.503837] cloud-init[640]: ci-info: +--------+------+----------------------------+---------------+--------+-------------------+
[   30.511275] cloud-init[640]: ci-info: ++++++++++++++++++++++++++++Route IPv4 info+++++++++++++++++++++++++++++
[   30.517881] cloud-init[640]: ci-info: +-------+-------------+----------+-----------------+-----------+-------+
[   30.524709] cloud-init[640]: ci-info: | Route | Destination | Gateway  |     Genmask     | Interface | Flags |
[   30.531397] cloud-init[640]: ci-info: +-------+-------------+----------+-----------------+-----------+-------+
[   30.537904] cloud-init[640]: ci-info: |   0   |   0.0.0.0   | 10.0.2.2 |     0.0.0.0     |   enp0s3  |   UG  |
[   30.544713] cloud-init[640]: ci-info: |   1   |   10.0.2.0  | 0.0.0.0  |  255.255.255.0  |   enp0s3  |   U   |
[   30.553032] cloud-init[640]: ci-info: |   2   |   10.0.2.2  | 0.0.0.0  | 255.255.255.255 |   enp0s3  |   UH  |
[   30.563429] cloud-init[640]: ci-info: +-------+-------------+----------+-----------------+-----------+-------+
[   30.573084] cloud-init[640]: ci-info: +++++++++++++++++++Route IPv6 info+++++++++++++++++++
[   30.581703] cloud-init[640]: ci-info: +-------+-------------+---------+-----------+-------+
[   30.588912] cloud-init[640]: ci-info: | Route | Destination | Gateway | Interface | Flags |
[   30.594524] cloud-init[640]: ci-info: +-------+-------------+---------+-----------+-------+
[   30.600801] cloud-init[640]: ci-info: |   1   |  fe80::/64  |    ::   |   enp0s3  |   U   |
[   30.606744] cloud-init[640]: ci-info: |   3   |    local    |    ::   |   enp0s3  |   U   |
[   30.612945] cloud-init[640]: ci-info: |   4   |   ff00::/8  |    ::   |   enp0s3  |   U   |
[   30.618849] cloud-init[640]: ci-info: +-------+-------------+---------+-----------+-------+
[[0;32m  OK  [0m] Started Initial cloud-init job (metadata service crawler).
[[0;32m  OK  [0m] Reached target System Initialization.
[[0;32m  OK  [0m] Started Discard unused blocks once a week.
[[0;32m  OK  [0m] Listening on D-Bus System Message Bus Socket.
         Starting LXD - unix socket.
[[0;32m  OK  [0m] Listening on ACPID Listen Socket.
[[0;32m  OK  [0m] Started ACPI Events Check.
         Starting Socket activation for snappy daemon.
[[0;32m  OK  [0m] Listening on Open-iSCSI iscsid Socket.
[[0;32m  OK  [0m] Listening on UUID daemon activation socket.
[[0;32m  OK  [0m] Started Ubuntu Advantage Timer for running repeated jobs.
[[0;32m  OK  [0m] Started Daily Cleanup of Temporary Directories.
[[0;32m  OK  [0m] Listening on cloud-init hotplug hook socket.
[[0;32m  OK  [0m] Started Daily apt download activities.
[[0;32m  OK  [0m] Started Daily apt upgrade and clean activities.
[[0;32m  OK  [0m] Started Trigger to poll for Ubuntu â€¦(Only enabled on GCP LTS non-pro).
[[0;32m  OK  [0m] Reached target Paths.
[[0;32m  OK  [0m] Started Message of the Day.
[[0;32m  OK  [0m] Reached target Timers.
[[0;32m  OK  [0m] Reached target Cloud-config availability.
[[0;32m  OK  [0m] Reached target Network is Online.
[[0;32m  OK  [0m] Reached target Remote File Systems (Pre).
         Mounting /vagrant...
         Starting Availability of block devices...
[[0;32m  OK  [0m] Listening on LXD - unix socket.
[[0;32m  OK  [0m] Listening on Socket activation for snappy daemon.
[[0;32m  OK  [0m] Reached target Sockets.
[[0;32m  OK  [0m] Reached target Basic System.
[[0;32m  OK  [0m] Started Regular background program processing daemon.
         Starting Dispatcher daemon for systemd-networkd...
         Starting Accounts Service...
         Starting Message of the Day...
[[0;32m  OK  [0m] Started Deferred execution scheduler.
         Starting OpenBSD Secure Shell server...
[[0;32m  OK  [0m] Started D-Bus System Message Bus.
         Starting LSB: Record successful boot for GRUB...
[[0;32m  OK  [0m] Started irqbalance daemon.
         Starting Login Service...
[[0;32m  OK  [0m] Started FUSE filesystem for LXC.
         Starting System Logging Service...
         Starting Discard unused blocks...
         Starting Virtualbox guest utils...
         Starting Snap Daemon...
         Starting LXD - container startup/shutdown...
[[0;32m  OK  [0m] Started System Logging Service.
[[0;32m  OK  [0m] Mounted /vagrant.
[[0;32m  OK  [0m] Started Availability of block devices.
[[0;32m  OK  [0m] Started Discard unused blocks.
[[0;32m  OK  [0m] Reached target Remote File Systems.
         Starting LSB: automatic crash report generation...
         Starting Permit User Sessions...
[[0;32m  OK  [0m] Started OpenBSD Secure Shell server.
         Starting Authorization Manager...
[[0;32m  OK  [0m] Started Permit User Sessions.
         Starting Hold until boot process finishes up...
         Starting Terminate Plymouth Boot Screen...
[[0;32m  OK  [0m] Started Hold until boot process finishes up.
[[0;32m  OK  [0m] Started Terminate Plymouth Boot Screen.
[[0;32m  OK  [0m] Started Serial Getty on ttyS0.
         Starting Set console scheme...
[[0;32m  OK  [0m] Started Login Service.
[[0;32m  OK  [0m] Started Unattended Upgrades Shutdown.
[[0;32m  OK  [0m] Started Set console scheme.
[[0;32m  OK  [0m] Created slice system-getty.slice.
[[0;32m  OK  [0m] Started Getty on tty1.
[[0;32m  OK  [0m] Reached target Login Prompts.
[[0;32m  OK  [0m] Started Authorization Manager.
[[0;32m  OK  [0m] Started Accounts Service.
[[0;32m  OK  [0m] Started LSB: Record successful boot for GRUB.
[[0;32m  OK  [0m] Started LSB: automatic crash report generation.
[[0;32m  OK  [0m] Started Dispatcher daemon for systemd-networkd.
[[0;32m  OK  [0m] Started Virtualbox guest utils.
[[0;32m  OK  [0m] Started LXD - container startup/shutdown.
[[0;32m  OK  [0m] Started Snap Daemon.
         Starting Wait until snapd is fully seeded...
[[0;32m  OK  [0m] Started Wait until snapd is fully seeded.
         Starting Apply the settings specified in cloud-config...
[[0;32m  OK  [0m] Reached target Multi-User System.
[[0;32m  OK  [0m] Reached target Graphical Interface.
         Starting Update UTMP about System Runlevel Changes...
[[0;32m  OK  [0m] Started Update UTMP about System Runlevel Changes.
[[0;32m  OK  [0m] Created slice User Slice of vagrant.
         Starting User Manager for UID 1000...
[[0;32m  OK  [0m] Started Session 1 of user vagrant.
[[0;32m  OK  [0m] Started User Manager for UID 1000.

Ubuntu 18.04.6 LTS ubuntu-bionic ttyS0

ubuntu-bionic login: [   39.210226] cloud-init[935]: Cloud-init v. 21.4-0ubuntu1~18.04.1 running 'modules:config' at Mon, 03 Jan 2022 11:42:04 +0000. Up 38.76 seconds.
[   41.002610] cloud-init[1020]: Cloud-init v. 21.4-0ubuntu1~18.04.1 running 'modules:final' at Mon, 03 Jan 2022 11:42:06 +0000. Up 40.71 seconds.
[   41.002828] cloud-init[1020]: Cloud-init v. 21.4-0ubuntu1~18.04.1 finished at Mon, 03 Jan 2022 11:42:06 +0000. Datasource DataSourceNoCloud [seed=/dev/sdb][dsmode=net].  Up 40.98 seconds
